cd .. && spike --isa=rv64gc_xhfi /home/ztian/riscv-tools/riscv64-linux-gnu/bin/pk mybuild/mybuildout/test-henter
--- HFI Sandbox Test ---
HFI Version: 1
HFI ENTERED - status now: 1, prv=0
HFI EXITING - status before: 1
HFI EXITED - status now: 0
abcd
HFI ENTERED - status now: 1, prv=0
HFI EXITING - status before: 1
HFI EXITED - status now: 0
array address: 274877905192
region selected
base set
bound set 20
permissions set
permissions set 3f
HFI ENTERED - status now: 1, prv=0
LD executed - HFI status: 1, prv: 0, PRV_U=0
Implicit region check for ld
addr: 3ffffff928
permissions: 3f
implicit_mask: 0
implicit_base: 0
z  0000000000000000 ra 00000000000206fe sp 0000003ffffff8f0 gp 00000000003b1238
tp 00000000003b9760 t0 fefdfcfbfaf9f8f7 t1 00000000000207a2 t2 e6e5e4e3e2e1e0df
s0 0000003ffffff990 s1 00000000003b0b90 a0 0000000000000001 a1 0000003ffffff928
a2 0000003ffffff928 a3 0000003ffffff928 a4 0000003ffffff928 a5 0000003ffffff928
a6 00000000001cec04 a7 0000000000000040 s2 0000000000000001 s3 0000003ffffffb48
s4 000000000000000c s5 0000003ffffffb58 s6 000000000000000c s7 0000000000000000
s8 000000000002028e s9 0000000000000000 sA 0000000000000000 sB 0000000000000000
t3 f6f5f4f3f2f1f0ef t4 f6f5f4f3f2f1f0ef t5 fefdfcfbfaf9f800 t6 0000003ffffff838
pc 0000000000130008 va/inst 0000000000000001 sr 8000000200006020
User store segfault @ 0x0000000000000001
make: *** [Makefile:25: test-henter] Error 255
